// Jest Snapshot v1, https://goo.gl/fbAQLP

exports[`<HeaderBox /> should render correctly 1`] = `
<header>
  <div
    className="angle"
    id="left-angle"
  />
  <div
    id="logo"
  >
    Url shortener
  </div>
  <div
    className="angle"
    id="right-angle"
  />
</header>
`;
